
1. создайте виртуальную машину c Ubuntu 20.04 LTS (bionic) в GCE/ЯО
     
   local vm
2. поставьте на нее PostgreSQL 14 через sudo apt

    ```
    sudo sh -c 'echo "deb http://apt.postgresql.org/pub/repos/apt $(lsb_release -cs)-pgdg main" > /etc/apt/sources.list.d/pgdg.list'
    wget --quiet -O - https://www.postgresql.org/media/keys/ACCC4CF8.asc | sudo apt-key add -
    sudo apt-get update
    sudo apt-get -y install postgresql-14
   ```
3. проверьте что кластер запущен через sudo -u postgres pg_lsclusters

   ```
   kent@kentorii:~$ sudo -u postgres pg_lsclusters
   Ver Cluster Port Status Owner    Data directory              Log file
   14  main    5432 online postgres /var/lib/postgresql/14/main /var/log/postgresql/postgresql-14-main.log
   ```

4. зайдите из под пользователя postgres в psql и сделайте произвольную таблицу с произвольным содержимым
   
   postgres=# create table test(c1 text);

   postgres=# insert into test values('1');

   \q

   ```
   kent@kentorii:~$ sudo su postgres
   postgres@kentorii:/home/kent$ psql
   psql (14.7 (Ubuntu 14.7-1.pgdg20.04+1))
   Type "help" for help.
   
   postgres=# create table test(c1 text);
   CREATE TABLE
   postgres=# insert into test values('1');
   INSERT 0 1
   postgres=# \q
   postgres@kentorii:/home/kent$ 
   ```

5. остановите postgres например через sudo -u postgres pg_ctlcluster 14 main stop

   ```
   kent@kentorii:~$ sudo -u postgres pg_ctlcluster 14 main stop
   Warning: stopping the cluster using pg_ctlcluster will mark the systemd unit as failed. Consider using systemctl:
   sudo systemctl stop postgresql@14-main
   ```

6. создайте новый standard persistent диск GKE через Compute Engine -> Disks в том же регионе и зоне что GCE инстанс размером например 10GB

   done

7. добавьте свеже-созданный диск к виртуальной машине - надо зайти в режим ее редактирования и дальше выбрать пункт attach existing disk

   done

8. проинициализируйте диск согласно инструкции и подмонтировать файловую систему, только не забывайте менять имя диска на актуальное, в вашем случае это скорее всего будет /dev/sdb - https://www.digitalocean.com/community/tutorials/how-to-partition-and-format-storage-devices-in-linux

   ```
   kent@kentorii:~$ lsblk
   NAME   MAJ:MIN RM  SIZE RO TYPE MOUNTPOINT
   loop0    7:0    0 67.8M  1 loop /snap/lxd/22753
   loop1    7:1    0   47M  1 loop /snap/snapd/16292
   loop2    7:2    0   62M  1 loop /snap/core20/1611
   sda      8:0    0   20G  0 disk 
   ├─sda1   8:1    0    1M  0 part 
   └─sda2   8:2    0   20G  0 part /
   sdb      8:16   0   10G  0 disk 
   sr0     11:0    1 1024M  0 rom  
   kent@kentorii:~$ sudo parted /dev/sdb mklabel gpt
   [sudo] password for kent: 
   Information: You may need to update /etc/fstab.
   
   kent@kentorii:~$ sudo parted -a opt /dev/sdb mkpart primary ext4 0% 100%  
   Information: You may need to update /etc/fstab.
   
   kent@kentorii:~$ lsblk                                                    
   NAME   MAJ:MIN RM  SIZE RO TYPE MOUNTPOINT
   loop0    7:0    0 67.8M  1 loop /snap/lxd/22753
   loop1    7:1    0   47M  1 loop /snap/snapd/16292
   loop2    7:2    0   62M  1 loop /snap/core20/1611
   sda      8:0    0   20G  0 disk 
   ├─sda1   8:1    0    1M  0 part 
   └─sda2   8:2    0   20G  0 part /
   sdb      8:16   0   10G  0 disk 
   └─sdb1   8:17   0   10G  0 part 
   sr0     11:0    1 1024M  0 rom  
   kent@kentorii:~$ sudo mkfs.ext4 -L datapartition /dev/sdb1
   mke2fs 1.45.5 (07-Jan-2020)
   Creating filesystem with 2620928 4k blocks and 655360 inodes
   Filesystem UUID: fbd9b48f-7aa4-4245-82ea-abde112e4bb3
   Superblock backups stored on blocks: 
           32768, 98304, 163840, 229376, 294912, 819200, 884736, 1605632
   
   Allocating group tables: done                            
   Writing inode tables: done                            
   Creating journal (16384 blocks): done
   Writing superblocks and filesystem accounting information: done 
   
   kent@kentorii:~$ sudo lsblk --fs
   NAME   FSTYPE   LABEL         UUID                                 FSAVAIL FSUSE% MOUNTPOINT
   loop0  squashfs                                                          0   100% /snap/lxd/22753
   loop1  squashfs                                                          0   100% /snap/snapd/16292
   loop2  squashfs                                                          0   100% /snap/core20/1611
   sda                                                                               
   ├─sda1                                                                            
   └─sda2 ext4                   6bfbb7e8-9e89-4e57-bdaa-e283e1478677     12G    33% /
   sdb                                                                               
   └─sdb1 ext4     datapartition fbd9b48f-7aa4-4245-82ea-abde112e4bb3                
   sr0                                                                               
   kent@kentorii:~$ sudo lsblk -o NAME,FSTYPE,LABEL,UUID,MOUNTPOINT
   NAME   FSTYPE   LABEL         UUID                                 MOUNTPOINT
   loop0  squashfs                                                    /snap/lxd/22753
   loop1  squashfs                                                    /snap/snapd/16292
   loop2  squashfs                                                    /snap/core20/1611
   sda                                                                
   ├─sda1                                                             
   └─sda2 ext4                   6bfbb7e8-9e89-4e57-bdaa-e283e1478677 /
   sdb                                                                
   └─sdb1 ext4     datapartition fbd9b48f-7aa4-4245-82ea-abde112e4bb3 
   sr0                                                                
   kent@kentorii:~$ sudo mkdir -p /mnt/data
   kent@kentorii:~$ sudo mount -o defaults /dev/sda1 /mnt/data
   mount: /mnt/data: wrong fs type, bad option, bad superblock on /dev/sda1, missing codepage or helper program, or other error.
   kent@kentorii:~$ sudo mount -o defaults /dev/sdb1 /mnt/data
   kent@kentorii:~$ sudo nano /etc/fstab
   kent@kentorii:~$ sudo nano /etc/fstab
   kent@kentorii:~$ sudo reboot
   ```

9. перезагрузите инстанс и убедитесь, что диск остается примонтированным (если не так смотрим в сторону fstab)

   ```
   kent@kentorii:~$ df -h
   Filesystem      Size  Used Avail Use% Mounted on
   udev            1.9G     0  1.9G   0% /dev
   tmpfs           391M  1.6M  389M   1% /run
   /dev/sda2        20G  6.5G   13G  36% /
   tmpfs           2.0G   28K  2.0G   1% /dev/shm
   tmpfs           5.0M     0  5.0M   0% /run/lock
   tmpfs           2.0G     0  2.0G   0% /sys/fs/cgroup
   /dev/loop0       68M   68M     0 100% /snap/lxd/22753
   /dev/loop1       47M   47M     0 100% /snap/snapd/16292
   /dev/loop2       62M   62M     0 100% /snap/core20/1611
   /dev/sdb1       9.8G   24K  9.3G   1% /mnt/data
   tmpfs           391M     0  391M   0% /run/user/1000
   ```

10. сделайте пользователя postgres владельцем /mnt/data - chown -R postgres:postgres /mnt/data/

   ```
   kent@kentorii:~$ sudo !!
   sudo chown -R postgres:postgres /mnt/data/
   ```
11. перенесите содержимое /var/lib/postgres/14 в /mnt/data - mv /var/lib/postgresql/14 /mnt/data
    
   ```
   kent@kentorii:~$ sudo mv /var/lib/postgresql/14 /mnt/data
   ```
12. попытайтесь запустить кластер - sudo -u postgres pg_ctlcluster 14 main start
    
   ```
   kent@kentorii:~$ sudo -u postgres pg_ctlcluster 14 main start
   Error: /var/lib/postgresql/14/main is not accessible or does not exist
   ```

13. напишите получилось или нет и почему

   Переместили каталог кластера, поэтому нет.

14. задание: найти конфигурационный параметр в файлах раположенных в /etc/postgresql/14/main который надо поменять и поменяйте его
    
   ```
   kent@kentorii:~$ sudo grep "/var/lib/postgresql/14" /etc/postgresql/14/main/postgresql.conf 
   data_directory = '/var/lib/postgresql/14/main'          # use data in another directory
   kent@kentorii:~$ sudo nano /etc/postgresql/14/main/postgresql.conf 
   ```

15. напишите что и почему поменяли
   
   ```data_directory = '/mnt/data/14/main'``` - Указание в какой папке искать данные кластера
   
16. попытайтесь запустить кластер - sudo -u postgres pg_ctlcluster 14 main start

   ```
   kent@kentorii:~$ sudo -u postgres pg_ctlcluster 14 main start
   Warning: the cluster will not be running as a systemd service. Consider using systemctl:
      sudo systemctl start postgresql@14-main
   ```

17. напишите получилось или нет и почему

   Получилось, потому что правильно указали папку.

18. зайдите через через psql и проверьте содержимое ранее созданной таблицы
   

   ```
   kent@kentorii:~$ sudo su postgres
   postgres@kentorii:/home/kent$ psql
   psql (14.7 (Ubuntu 14.7-1.pgdg20.04+1))
   Type "help" for help.
   
   postgres=# SELECT * from test;
    c1 
   ----
    1
   (1 row)
   
   postgres=# 
   ```

19. задание со звездочкой *: не удаляя существующий инстанс ВМ сделайте новый, поставьте на его PostgreSQL, удалите файлы с данными из /var/lib/postgres, перемонтируйте внешний диск который сделали ранее от первой виртуальной машины ко второй и запустите PostgreSQL на второй машине так чтобы он работал с данными на внешнем диске, расскажите как вы это сделали и что в итоге получилось.


   ```
   sudo sh -c 'echo "deb http://apt.postgresql.org/pub/repos/apt $(lsb_release -cs)-pgdg main" > /etc/apt/sources.list.d/pgdg.list'
   wget --quiet -O - https://www.postgresql.org/media/keys/ACCC4CF8.asc | sudo apt-key add -
   sudo apt-get update
   sudo apt-get -y install postgresql-14
   kent@kentorii2:~$ sudo systemctl stop postgresql@14-main
   [sudo] password for kent: 
   kent@kentorii2:~$ sudo rm -rf /var/lib/
   AccountsService/         command-not-found/       grub/                    misc/                    polkit-1/                sudo/                    ucf/                     upower/
   apport/                  dbus/                    initramfs-tools/         os-prober/               postgresql/              systemd/                 udisks2/                 usb_modeswitch/
   apt/                     dhcp/                    landscape/               PackageKit/              private/                 tpm/                     unattended-upgrades/     usbutils/
   boltd/                   dpkg/                    logrotate/               pam/                     python/                  ubuntu-advantage/        update-manager/          vim/
   cloud/                   git/                     man-db/                  plymouth/                snapd/                   ubuntu-release-upgrader/ update-notifier/         vmware/
   kent@kentorii2:~$ sudo rm -rf /var/lib/postgresql/14/main/
   kent@kentorii2:~$ sudo rm -rf /var/lib/postgresql/
   kent@kentorii2:~$ lsblk
   NAME   MAJ:MIN RM  SIZE RO TYPE MOUNTPOINT
   loop0    7:0    0   62M  1 loop /snap/core20/1611
   loop1    7:1    0 67.8M  1 loop /snap/lxd/22753
   loop2    7:2    0   47M  1 loop /snap/snapd/16292
   sda      8:0    0   20G  0 disk 
   ├─sda1   8:1    0    1M  0 part 
   └─sda2   8:2    0   20G  0 part /
   sdb      8:16   0   10G  0 disk 
   └─sdb1   8:17   0   10G  0 part 
   sr0     11:0    1 1024M  0 rom  
   kent@kentorii2:~$ df -h
   Filesystem      Size  Used Avail Use% Mounted on
   udev            1.9G     0  1.9G   0% /dev
   tmpfs           391M  1.6M  389M   1% /run
   /dev/sda2        20G  6.5G   13G  35% /
   tmpfs           2.0G     0  2.0G   0% /dev/shm
   tmpfs           5.0M     0  5.0M   0% /run/lock
   tmpfs           2.0G     0  2.0G   0% /sys/fs/cgroup
   /dev/loop0       62M   62M     0 100% /snap/core20/1611
   /dev/loop1       68M   68M     0 100% /snap/lxd/22753
   /dev/loop2       47M   47M     0 100% /snap/snapd/16292
   tmpfs           391M     0  391M   0% /run/user/1000
   kent@kentorii2:~$ sudo mount sudo mkdir -p /mnt/data^C
   kent@kentorii2:~$ sudo mkdir -p /mnt/data
   kent@kentorii2:~$ sudo lsblk --fs
   NAME   FSTYPE   LABEL         UUID                                 FSAVAIL FSUSE% MOUNTPOINT
   loop0  squashfs                                                          0   100% /snap/core20/1611
   loop1  squashfs                                                          0   100% /snap/lxd/22753
   loop2  squashfs                                                          0   100% /snap/snapd/16292
   sda                                                                               
   ├─sda1                                                                            
   └─sda2 ext4                   6bfbb7e8-9e89-4e57-bdaa-e283e1478677     12G    33% /
   sdb                                                                               
   └─sdb1 ext4     datapartition fbd9b48f-7aa4-4245-82ea-abde112e4bb3                
   sr0                                                                               
   kent@kentorii2:~$ ^C
   kent@kentorii2:~$ sudo mount -o defaults /dev/sdb1 /mnt/data
   kent@kentorii2:~$ ls -lah
   total 36K
   drwxr-xr-x 4 kent kent 4.0K Feb 28 19:28 .
   drwxr-xr-x 3 root root 4.0K Feb 28 18:48 ..
   -rw------- 1 kent kent  104 Feb 28 19:30 .bash_history
   -rw-r--r-- 1 kent kent  220 Feb 25  2020 .bash_logout
   -rw-r--r-- 1 kent kent 3.7K Feb 25  2020 .bashrc
   drwx------ 2 kent kent 4.0K Feb 28 18:49 .cache
   -rw-r--r-- 1 kent kent  807 Feb 25  2020 .profile
   drwx------ 2 kent kent 4.0K Feb 28 18:48 .ssh
   -rw-r--r-- 1 kent kent    0 Feb 28 18:50 .sudo_as_admin_successful
   -rw-rw-r-- 1 kent kent  173 Feb 28 18:53 .wget-hsts
   kent@kentorii2:~$ ls -lah /mnt/data/
   total 28K
   drwxr-xr-x 4 postgres postgres 4.0K Feb 28 19:14 .
   drwxr-xr-x 3 root     root     4.0K Feb 28 19:33 ..
   drwxr-xr-x 3 postgres postgres 4.0K Feb 28 18:54 14
   drwx------ 2 postgres postgres  16K Feb 28 19:07 lost+found
   # меняем путь до папки данных кластера
   kent@kentorii2:~$ sudo nano /etc/postgresql/14/main/postgresql.conf
   kent@kentorii2:~$ sudo systemctl stop postgresql@14-main^C
   kent@kentorii2:~$ sudo sudo chown -R postgres:postgres /mnt/data/
   kent@kentorii2:~$ sudo chown -R postgres:postgres /mnt/data/
   kent@kentorii2:~$ sudo systemctl start postgresql@14-main
   kent@kentorii2:~$ sudo su postgres
   postgres@kentorii2:/home/kent$ psql
   psql (14.7 (Ubuntu 14.7-1.pgdg20.04+1))
   Type "help" for help.
   
   postgres=# SELECT * from test;
    c1 
   ----
    1
   (1 row)
   
   ```